[0m[1mmodule.icd_flavors.data.ibm_iam_auth_token.tokendata: Reading...[0m[0m
[0m[1mmodule.icd_flavors.data.ibm_iam_auth_token.tokendata: Read complete after 0s [id=2026-06-14 19:52:03.456897 +0000 UTC][0m
[0m[1mmodule.icd_flavors.data.external.icd_flavors: Reading...[0m[0m
[0m[1mmodule.icd_flavors.data.external.icd_flavors: Read complete after 1s [id=-][0m

Changes to Outputs:
  [32m+[0m[0m available_flavors = [
      [32m+[0m[0m "4x20",
      [32m+[0m[0m "8x40",
      [32m+[0m[0m "8x80",
      [32m+[0m[0m "16x80",
      [32m+[0m[0m "32x160",
      [32m+[0m[0m "48x240",
    ]
  [32m+[0m[0m default_flavor    = "4x20"

You can apply this plan to save these new output values to the Terraform
state, without changing any real infrastructure.
[90m
─────────────────────────────────────────────────────────────────────────────[0m

Note: You didn't use the -out option to save this plan, so Terraform can't
guarantee to take exactly these actions if you run "terraform apply" now.
